<html>
    <body>
        <div><h1>Heading</h1></div>
    </body>
</html>
